# Activity Sync Log
# Automated twice-daily repository activity logs powered by GitHub Actions.

Sync Log: Initialized Activity Tracker - 2026-09-23
Sync Log: Wed Sep 23 17:59:41 UTC 2026 - Scheduled System Health Sync
Sync Log: Thu Sep 24 08:47:40 UTC 2026 - Scheduled System Health Sync
Sync Log: Thu Sep 24 18:00:52 UTC 2026 - Scheduled System Health Sync
Sync Log: Fri Sep 25 09:07:38 UTC 2026 - Scheduled System Health Sync
Sync Log: Fri Sep 25 18:06:59 UTC 2026 - Scheduled System Health Sync
Sync Log: Sat Sep 26 08:51:11 UTC 2026 - Scheduled System Health Sync
Sync Log: Sat Sep 26 17:25:46 UTC 2026 - Scheduled System Health Sync
Sync Log: Sun Sep 27 09:33:29 UTC 2026 - Scheduled System Health Sync
Sync Log: Sun Sep 27 17:57:53 UTC 2026 - Scheduled System Health Sync
Sync Log: Mon Sep 28 10:12:13 UTC 2026 - Scheduled System Health Sync
Sync Log: Mon Sep 28 20:17:06 UTC 2026 - Scheduled System Health Sync
Sync Log: Tue Sep 29 10:10:18 UTC 2026 - Scheduled System Health Sync
Sync Log: Tue Sep 29 18:55:05 UTC 2026 - Scheduled System Health Sync
Sync Log: Wed Sep 30 10:01:56 UTC 2026 - Scheduled System Health Sync
Sync Log: Wed Sep 30 18:38:07 UTC 2026 - Scheduled System Health Sync
Sync Log: Thu Oct  1 10:29:51 UTC 2026 - Scheduled System Health Sync
Sync Log: Thu Oct  1 19:05:17 UTC 2026 - Scheduled System Health Sync
Sync Log: Fri Oct  2 10:05:08 UTC 2026 - Scheduled System Health Sync
